// Jest Snapshot v1, https://goo.gl/fbAQLP

exports[`App snapshot 1`] = `
Array [
  <nav
    className="sc-AxgMl ecanys"
    style={
      Object {
        "transform": "translate3d(0, -10rem, 0)",
      }
    }
  >
    <div
      className="sc-AxheI kbUHqo"
    >
      <img
        alt="TP-Calculator Logo"
        className="sc-AxjAm kzuEgZ"
        src="../../assets/logo-min.png"
      />
      <div
        className="sc-Axmtr ficJIm"
      >
        TP Calculator
      </div>
      <ul
        className="sc-AxmLO pxTkB"
        style={
          Object {
            "opacity": 0,
            "transform": "translate3d(0, 30px, 0)",
          }
        }
      >
        <a
          href="/"
        >
          Calculator
        </a>
        <a
          href="https://dev.azure.com/paulbag/tp-calc/_dashboards/dashboard/fd6e25b2-8f27-49be-8155-68d6e15c371c"
        >
          Stats
        </a>
        <a
          href="/"
        >
          About
        </a>
      </ul>
      <div
        className="sc-fzozJi vRyzN"
      >
        <div
          className="sc-AxiKw dKYUZT"
          onClick={[Function]}
        >
          <div
            className=""
          >
            <span>
               
            </span>
            <span>
               
            </span>
            <span>
               
            </span>
          </div>
        </div>
      </div>
    </div>
  </nav>,
  <nav
    class="toiletPaper"
    className="sc-fzoLsD bFoDpo"
    style={
      Object {
        "transform": "translate3d(0, -10px, 0) ",
      }
    }
  >
    <img
      alt="TP-Calculator Logo"
      className="sc-AxirZ hOCoVY"
      src="../../assets/logo.png"
    />
  </nav>,
  <div
    class="CalcContainer"
  >
    <div
      class="CalcFieldsContainer"
    >
      <div
        class="CalcField"
      >
        <label>
          Number of rolls in your house
        </label>
        <input
          min="0"
          onChange={[Function]}
          type="number"
          value={3}
        />
      </div>
      <div
        class="CalcField"
      >
        <label>
          Number of wipeable toilet visits per day
        </label>
        <input
          min="1"
          onChange={[Function]}
          type="number"
          value={3}
        />
      </div>
      <div
        class="Advanced"
      >
        Advanced Settings
      </div>
      <div
        class="CalcField"
      >
        <label>
          Number of wipes per trip
        </label>
        <input
          min="1"
          onChange={[Function]}
          type="number"
          value={3}
        />
      </div>
      <div
        class="CalcField"
      >
        <label>
          Number of sheets per wipe
        </label>
        <input
          min="1"
          onChange={[Function]}
          type="number"
          value={3}
        />
      </div>
      <div
        class="CalcField"
      >
        <label>
          Number of sheets on a roll
        </label>
        <input
          min="1"
          onChange={[Function]}
          type="number"
          value={160}
        />
      </div>
      <div
        class="CalcField"
      >
        <label>
          Number of people in household
        </label>
        <input
          min="1"
          onChange={[Function]}
          type="number"
          value={3}
        />
      </div>
    </div>
    <div
      class="About"
    >
      <div
        class="Result"
      >
        <div
          class="Prefix"
        >
          Number of days until you wipe your last
        </div>
        <div
          class="NoSheets"
        >
          6
        </div>
      </div>
    </div>
  </div>,
]
`;
